≡ƒÜÇ Starting Payment Flow Test...

1∩╕ÅΓâú Creating Order...
Γ£à Order Created: {
  cart_details: null,
  cf_order_id: '2204668342',
  created_at: '2026-02-20T00:11:38+05:30',
  customer_details: {
    customer_id: 'test_user_1771526503057_example_com',
    customer_name: 'Test User',
    customer_email: 'test_user_1771526503057@example.com',
    customer_phone: '9999999999',
    customer_uid: null
  },
  entity: 'order',
  order_amount: 1,
  order_currency: 'INR',
  order_expiry_time: '2026-03-22T00:11:38+05:30',
  order_id: 'order_1771526503293_4am6b',
  order_meta: {
    notify_url: 'https://runic-subplexal-gonzalo.ngrok-free.dev/api/membership/webhook',
    payment_methods: null,
    payment_methods_filters: null,
    return_url: 'https://runic-subplexal-gonzalo.ngrok-free.dev/?order_id={order_id}'
  },
  order_note: null,
  order_splits: [],
  order_status: 'ACTIVE',
  order_tags: null,
  payment_session_id: 'session_vm-sh-ABpF-5P1VK88RCzasAuY-p7RLP4pc5I4SasoHjIfQyNoaQOWYcLS1MNxFKIEIt3GO4dn8cy3HBD7bF54U7l_Mx3r5TLKUClVYKvetDNDtbxSRbyMDmS4dO5wpaymentpayment',
  products: {
    one_click_checkout: { enabled: false, conditions: [] },
    verify_pay: { enabled: false, conditions: [] }
  },
  terminal_data: null
}

2∩╕ÅΓâú Simulating Webhook for Order: order_1771526503293_4am6b...
Generated Signature: DxtjGPH4OtzQMs2aEezIQrh+85RwUWq3nRk0/WLtN1o=
--------------------------------------------------
Webhook Response Status: 500 Internal Server Error
Webhook Response Body Start:
{"error":"Profile upsert failed: Could not find the 'plan_type' column of 'users' in the schema cache"}
Webhook Response Body End
--------------------------------------------------
node : 
At line:1 char:1
+ node 
test-payment-flow.js 
> test_output.txt 2>&1
+ ~~~~~~~~~~~~~~~~~~~~
~~~~~~~~~~~~~~~~~~~~~~
~~~~~~
    + CategoryInfo    
          : NotSpeci  
  fied: (:String) [   
 ], RemoteExceptio    
n
    + FullyQualifiedE 
   rrorId : NativeCo  
  mmandError
 
Γ¥î Webhook Failed

Γ¥î Test Failed: 
Error: Webhook failed 
with status 500
    at 
testPaymentFlow (C:\Us
ers\Avinash\Desktop\De
v\crazyUI\test-payment
-flow.js:98:19)
    at process.process
TicksAndRejections (no
de:internal/process/ta
sk_queues:105:5)
